co
^Eco
[Enter `^Ec?' for help]
[connecting...up]
GXBB:BL1:08dafd:0a8993;FEAT:EDFD718C;POC:3;RCY:0;EMMC:0;READ:0;CHK:0;
TE: 119269
no sdio debug board detected 

BL2 Built : 11:44:26, Nov 25 2015. 
gxb gfb13a3b-c2 - jcao@wonton

Board ID = 8
set vcck to 1100 mv
set vddee to 1050 mv
CPU clk: 1536MHz
DDR channel setting: DDR0 Rank0+1 same
DDR0: 2048MB(auto) @ 912MHz(2T)-13
DataBus test pass!
AddrBus test pass!
Load fip header from eMMC, src: 0x0000c200, des: 0x01400000, size: 0x000000b0
Load bl30 from eMMC, src: 0x00010200, des: 0x01000000, size: 0x00009ef0
Sending bl30........................................OK. 
Run bl30...
Load bl301 from eMMC, src: 0x0001c200, des: 0x01000000, size: 0x000018c0
Wait bl30...Done
Sending bl301.......OK. 
Run bl301...
Load bl31from eMMC, src: 0x00020200, des: 0x10100000, size: 0x00011130


--- UART initialized after reboot ---
[Reset cause: unknown]
[Image: unknown, amlogic_v1.1.3046-00db630-dirty 2016-08-31 09:24:14 tao.zeng@droid04]
bl30: check_permit, count is 1
bl30: check_permit: ok!
chipid: Load bl33 from eMMC, src: 0x00034200, des: 0x01000000, size: 0x000781d0
ef be ad de d f0 ad ba ef be ad de not ES chip
[0.234408 Inits done]
secure task start!
high task start!
low task start!
NOTICE:  BL3-1: v1.0(debug):4d2e34d
NOTICE:  BL3-1: Built : 17:08:35, Oct 29 2015
INFO:    BL3-1: Initializing runtime services
INFO:    BL3-1: Preparing for EL3 exit to normal world
INFO:    BL3-1: Next image address = 0x1000000
INFO:    BL3-1: Next image spsr = 0x3c9


U-Boot 2019.04-dirty (Apr 26 2019 - 11:43:44 +1000) odroid-c2

DRAM:  2 GiB
MMC:   mmc@72000: 0, mmc@74000: 1
Loading Environment from MMC... OK
In:    serial
Out:   serial
Err:   serial
Net:   eth0: ethernet@c9410000
=> setenv autoload no && dhcp && tftpboot 0x20000000 odroidc2/local-kernel
setenv autoload no && dhcp && tftpboot 0x20000000 odroidc2/local-kernel
ethernet@c9410000 Waiting for PHY auto negotiation to complete...... done
Speed: 1000, full duplex
BOOTP broadcast 1
BOOTP broadcast 2
BOOTP broadcast 3
BOOTP broadcast 4
BOOTP broadcast 5
DHCP client bound to address 172.16.1.83 (3757 ms)
Speed: 1000, full duplex
Using ethernet@c9410000 device
TFTP from server 172.16.0.2; our IP address is 172.16.1.83
Filename 'odroidc2/local-kernel'.
Load address: 0x20000000
Loading: *#################################################################
	 #################################################################
	 #################################################################
	 #################################################################
	 #################################################################
	 #################################################################
	 #################################################################
	 #########################
	 12.1 MiB/s
done
Bytes transferred = 7032264 (6b4dc8 hex)
=> go 0x20000000
go 0x20000000
## Starting application at 0x20000000 ...
[33mBENCH|LOG: MICROKIT_CONFIG_benchmark defined
BENCH|LOG: CONFIG_BENCHMARK_TRACK_UTILISATION defined
BENCH|LOG: Faulting PD ethernet_driver (2)
Registers: 
pc : 20439c
spsr : 40000140
x0 : 0
x1 : 0
x2 : 0
x3 : 0
x4 : 0
x5 : 0
x6 : 0
x7 : ffffffffffffffff
VMFault: ip=20439c  fault_addr=758  fsr=93c88006 (data fault)
[0m